========= Scheduling for device: FPGA0 =========
Application__Task4: Read 20,Application__ch t:294 l:4 (vl:4) params: Ch: Application__ch
========= Scheduling for device: Bus0_0 =========